Archive member included to satisfy reference by file (symbol)

c:/program files (x86)/atmel/studio/7.0/toolchain/avr8/avr8-gnu-toolchain/bin/../lib/gcc/avr/5.4.0/avr5\libgcc.a(_exit.o)
                              C:/Program Files (x86)/Atmel/Studio/7.0/Packs/atmel/ATmega_DFP/1.2.209/gcc/dev/atmega32/avr5/crtatmega32.o (exit)
c:/program files (x86)/atmel/studio/7.0/toolchain/avr8/avr8-gnu-toolchain/bin/../lib/gcc/avr/5.4.0/avr5\libgcc.a(_copy_data.o)
                              APP/APP_SMARTHOME_program.o (__do_copy_data)

Discarded input sections

 .data          0x00000000        0x0 C:/Program Files (x86)/Atmel/Studio/7.0/Packs/atmel/ATmega_DFP/1.2.209/gcc/dev/atmega32/avr5/crtatmega32.o
 .bss           0x00000000        0x0 C:/Program Files (x86)/Atmel/Studio/7.0/Packs/atmel/ATmega_DFP/1.2.209/gcc/dev/atmega32/avr5/crtatmega32.o
 .text          0x00000000        0x0 APP/APP_SMARTHOME_program.o
 .data          0x00000000        0x0 APP/APP_SMARTHOME_program.o
 .bss           0x00000000        0x0 APP/APP_SMARTHOME_program.o
 .text.APP_useWriteLCD
                0x00000000        0xc APP/APP_SMARTHOME_program.o
 .text.APP_useClearLCD
                0x00000000       0x20 APP/APP_SMARTHOME_program.o
 .text.APP_useCursorLCD
                0x00000000       0x24 APP/APP_SMARTHOME_program.o
 .text.APP_powerLeds
                0x00000000       0x10 APP/APP_SMARTHOME_program.o
 .text.APP_powerGarageDoor
                0x00000000       0x2e APP/APP_SMARTHOME_program.o
 .text          0x00000000        0x0 HAL/BLUETOOTH/HAL_BLUETOOTH_program.o
 .data          0x00000000        0x0 HAL/BLUETOOTH/HAL_BLUETOOTH_program.o
 .bss           0x00000000        0x0 HAL/BLUETOOTH/HAL_BLUETOOTH_program.o
 .text          0x00000000        0x0 HAL/LCD/HAL_LCD_program.o
 .data          0x00000000        0x0 HAL/LCD/HAL_LCD_program.o
 .bss           0x00000000        0x0 HAL/LCD/HAL_LCD_program.o
 .text.HAL_LCD_sendData
                0x00000000       0xc0 HAL/LCD/HAL_LCD_program.o
 .text.HAL_LCD_displayCharacter
                0x00000000        0x6 HAL/LCD/HAL_LCD_program.o
 .text.HAL_LCD_displayString
                0x00000000       0x2c HAL/LCD/HAL_LCD_program.o
 .text.HAL_LCD_putAtLoc
                0x00000000        0x8 HAL/LCD/HAL_LCD_program.o
 .text.HAL_LCD_clearDisplay
                0x00000000        0x8 HAL/LCD/HAL_LCD_program.o
 .text          0x00000000        0x0 HAL/LED/HAL_LED_program.o
 .data          0x00000000        0x0 HAL/LED/HAL_LED_program.o
 .bss           0x00000000        0x0 HAL/LED/HAL_LED_program.o
 .text.HAL_LED_power
                0x00000000       0x4c HAL/LED/HAL_LED_program.o
 .text          0x00000000        0x0 main.o
 .data          0x00000000        0x0 main.o
 .bss           0x00000000        0x0 main.o
 .text          0x00000000        0x0 MCAL/GPIO/MCAL_GPIO_program.o
 .data          0x00000000        0x0 MCAL/GPIO/MCAL_GPIO_program.o
 .bss           0x00000000        0x0 MCAL/GPIO/MCAL_GPIO_program.o
 .text.MCAL_GPIO_TogglePin
                0x00000000       0x30 MCAL/GPIO/MCAL_GPIO_program.o
 .text.MCAL_GPIO_GetPinState
                0x00000000       0x44 MCAL/GPIO/MCAL_GPIO_program.o
 .text          0x00000000        0x0 MCAL/SPI/MCAL_SPI_program.o
 .data          0x00000000        0x0 MCAL/SPI/MCAL_SPI_program.o
 .bss           0x00000000        0x0 MCAL/SPI/MCAL_SPI_program.o
 .text          0x00000000        0x0 MCAL/UART/MCAL_UART_program.o
 .data          0x00000000        0x0 MCAL/UART/MCAL_UART_program.o
 .bss           0x00000000        0x0 MCAL/UART/MCAL_UART_program.o
 .text.MCAL_UART_sendByte
                0x00000000       0x24 MCAL/UART/MCAL_UART_program.o
 .text.MCAL_UART_sendStream
                0x00000000       0x2e MCAL/UART/MCAL_UART_program.o
 .text          0x00000000        0x0 slaveMainDocumentation.o
 .data          0x00000000        0x0 slaveMainDocumentation.o
 .bss           0x00000000        0x0 slaveMainDocumentation.o
 .rodata.str1.1
                0x00000000       0x71 slaveMainDocumentation.o
 .text.main_SLAVE_DOCUMENTATION
                0x00000000       0xbe slaveMainDocumentation.o
 .debug_info    0x00000000      0x2eb slaveMainDocumentation.o
 .debug_abbrev  0x00000000       0xb5 slaveMainDocumentation.o
 .debug_loc     0x00000000       0x48 slaveMainDocumentation.o
 .debug_aranges
                0x00000000       0x20 slaveMainDocumentation.o
 .debug_ranges  0x00000000       0x10 slaveMainDocumentation.o
 .debug_line    0x00000000      0x13b slaveMainDocumentation.o
 .debug_str     0x00000000      0x250 slaveMainDocumentation.o
 .comment       0x00000000       0x31 slaveMainDocumentation.o
 .debug_frame   0x00000000       0x34 slaveMainDocumentation.o
 .text          0x00000000        0x0 c:/program files (x86)/atmel/studio/7.0/toolchain/avr8/avr8-gnu-toolchain/bin/../lib/gcc/avr/5.4.0/avr5\libgcc.a(_exit.o)
 .data          0x00000000        0x0 c:/program files (x86)/atmel/studio/7.0/toolchain/avr8/avr8-gnu-toolchain/bin/../lib/gcc/avr/5.4.0/avr5\libgcc.a(_exit.o)
 .bss           0x00000000        0x0 c:/program files (x86)/atmel/studio/7.0/toolchain/avr8/avr8-gnu-toolchain/bin/../lib/gcc/avr/5.4.0/avr5\libgcc.a(_exit.o)
 .text.libgcc.mul
                0x00000000        0x0 c:/program files (x86)/atmel/studio/7.0/toolchain/avr8/avr8-gnu-toolchain/bin/../lib/gcc/avr/5.4.0/avr5\libgcc.a(_exit.o)
 .text.libgcc.div
                0x00000000        0x0 c:/program files (x86)/atmel/studio/7.0/toolchain/avr8/avr8-gnu-toolchain/bin/../lib/gcc/avr/5.4.0/avr5\libgcc.a(_exit.o)
 .text.libgcc   0x00000000        0x0 c:/program files (x86)/atmel/studio/7.0/toolchain/avr8/avr8-gnu-toolchain/bin/../lib/gcc/avr/5.4.0/avr5\libgcc.a(_exit.o)
 .text.libgcc.prologue
                0x00000000        0x0 c:/program files (x86)/atmel/studio/7.0/toolchain/avr8/avr8-gnu-toolchain/bin/../lib/gcc/avr/5.4.0/avr5\libgcc.a(_exit.o)
 .text.libgcc.builtins
                0x00000000        0x0 c:/program files (x86)/atmel/studio/7.0/toolchain/avr8/avr8-gnu-toolchain/bin/../lib/gcc/avr/5.4.0/avr5\libgcc.a(_exit.o)
 .text.libgcc.fmul
                0x00000000        0x0 c:/program files (x86)/atmel/studio/7.0/toolchain/avr8/avr8-gnu-toolchain/bin/../lib/gcc/avr/5.4.0/avr5\libgcc.a(_exit.o)
 .text.libgcc.fixed
                0x00000000        0x0 c:/program files (x86)/atmel/studio/7.0/toolchain/avr8/avr8-gnu-toolchain/bin/../lib/gcc/avr/5.4.0/avr5\libgcc.a(_exit.o)
 .text          0x00000000        0x0 c:/program files (x86)/atmel/studio/7.0/toolchain/avr8/avr8-gnu-toolchain/bin/../lib/gcc/avr/5.4.0/avr5\libgcc.a(_copy_data.o)
 .data          0x00000000        0x0 c:/program files (x86)/atmel/studio/7.0/toolchain/avr8/avr8-gnu-toolchain/bin/../lib/gcc/avr/5.4.0/avr5\libgcc.a(_copy_data.o)
 .bss           0x00000000        0x0 c:/program files (x86)/atmel/studio/7.0/toolchain/avr8/avr8-gnu-toolchain/bin/../lib/gcc/avr/5.4.0/avr5\libgcc.a(_copy_data.o)
 .text.libgcc.mul
                0x00000000        0x0 c:/program files (x86)/atmel/studio/7.0/toolchain/avr8/avr8-gnu-toolchain/bin/../lib/gcc/avr/5.4.0/avr5\libgcc.a(_copy_data.o)
 .text.libgcc.div
                0x00000000        0x0 c:/program files (x86)/atmel/studio/7.0/toolchain/avr8/avr8-gnu-toolchain/bin/../lib/gcc/avr/5.4.0/avr5\libgcc.a(_copy_data.o)
 .text.libgcc   0x00000000        0x0 c:/program files (x86)/atmel/studio/7.0/toolchain/avr8/avr8-gnu-toolchain/bin/../lib/gcc/avr/5.4.0/avr5\libgcc.a(_copy_data.o)
 .text.libgcc.prologue
                0x00000000        0x0 c:/program files (x86)/atmel/studio/7.0/toolchain/avr8/avr8-gnu-toolchain/bin/../lib/gcc/avr/5.4.0/avr5\libgcc.a(_copy_data.o)
 .text.libgcc.builtins
                0x00000000        0x0 c:/program files (x86)/atmel/studio/7.0/toolchain/avr8/avr8-gnu-toolchain/bin/../lib/gcc/avr/5.4.0/avr5\libgcc.a(_copy_data.o)
 .text.libgcc.fmul
                0x00000000        0x0 c:/program files (x86)/atmel/studio/7.0/toolchain/avr8/avr8-gnu-toolchain/bin/../lib/gcc/avr/5.4.0/avr5\libgcc.a(_copy_data.o)
 .text.libgcc.fixed
                0x00000000        0x0 c:/program files (x86)/atmel/studio/7.0/toolchain/avr8/avr8-gnu-toolchain/bin/../lib/gcc/avr/5.4.0/avr5\libgcc.a(_copy_data.o)

Memory Configuration

Name             Origin             Length             Attributes
text             0x00000000         0x00020000         xr
data             0x00800060         0x0000ffa0         rw !x
eeprom           0x00810000         0x00010000         rw !x
fuse             0x00820000         0x00000002         rw !x
lock             0x00830000         0x00000400         rw !x
signature        0x00840000         0x00000400         rw !x
user_signatures  0x00850000         0x00000400         rw !x
*default*        0x00000000         0xffffffff

Linker script and memory map

LOAD C:/Program Files (x86)/Atmel/Studio/7.0/Packs/atmel/ATmega_DFP/1.2.209/gcc/dev/atmega32/avr5/crtatmega32.o
LOAD APP/APP_SMARTHOME_program.o
LOAD HAL/BLUETOOTH/HAL_BLUETOOTH_program.o
LOAD HAL/LCD/HAL_LCD_program.o
LOAD HAL/LED/HAL_LED_program.o
LOAD main.o
LOAD MCAL/GPIO/MCAL_GPIO_program.o
LOAD MCAL/SPI/MCAL_SPI_program.o
LOAD MCAL/UART/MCAL_UART_program.o
LOAD slaveMainDocumentation.o
START GROUP
LOAD c:/program files (x86)/atmel/studio/7.0/toolchain/avr8/avr8-gnu-toolchain/bin/../lib/gcc/avr/5.4.0/../../../../avr/lib/avr5\libm.a
END GROUP
START GROUP
LOAD c:/program files (x86)/atmel/studio/7.0/toolchain/avr8/avr8-gnu-toolchain/bin/../lib/gcc/avr/5.4.0/avr5\libgcc.a
LOAD c:/program files (x86)/atmel/studio/7.0/toolchain/avr8/avr8-gnu-toolchain/bin/../lib/gcc/avr/5.4.0/../../../../avr/lib/avr5\libm.a
LOAD c:/program files (x86)/atmel/studio/7.0/toolchain/avr8/avr8-gnu-toolchain/bin/../lib/gcc/avr/5.4.0/../../../../avr/lib/avr5\libc.a
LOAD C:/Program Files (x86)/Atmel/Studio/7.0/Packs/atmel/ATmega_DFP/1.2.209/gcc/dev/atmega32/avr5\libatmega32.a
END GROUP
                0x00020000                __TEXT_REGION_LENGTH__ = DEFINED (__TEXT_REGION_LENGTH__)?__TEXT_REGION_LENGTH__:0x20000
                0x0000ffa0                __DATA_REGION_LENGTH__ = DEFINED (__DATA_REGION_LENGTH__)?__DATA_REGION_LENGTH__:0xffa0
                0x00010000                __EEPROM_REGION_LENGTH__ = DEFINED (__EEPROM_REGION_LENGTH__)?__EEPROM_REGION_LENGTH__:0x10000
                [0x00000002]                __FUSE_REGION_LENGTH__ = DEFINED (__FUSE_REGION_LENGTH__)?__FUSE_REGION_LENGTH__:0x400
                0x00000400                __LOCK_REGION_LENGTH__ = DEFINED (__LOCK_REGION_LENGTH__)?__LOCK_REGION_LENGTH__:0x400
                0x00000400                __SIGNATURE_REGION_LENGTH__ = DEFINED (__SIGNATURE_REGION_LENGTH__)?__SIGNATURE_REGION_LENGTH__:0x400
                0x00000400                __USER_SIGNATURE_REGION_LENGTH__ = DEFINED (__USER_SIGNATURE_REGION_LENGTH__)?__USER_SIGNATURE_REGION_LENGTH__:0x400

.hash
 *(.hash)

.dynsym
 *(.dynsym)

.dynstr
 *(.dynstr)

.gnu.version
 *(.gnu.version)

.gnu.version_d
 *(.gnu.version_d)

.gnu.version_r
 *(.gnu.version_r)

.rel.init
 *(.rel.init)

.rela.init
 *(.rela.init)

.rel.text
 *(.rel.text)
 *(.rel.text.*)
 *(.rel.gnu.linkonce.t*)

.rela.text
 *(.rela.text)
 *(.rela.text.*)
 *(.rela.gnu.linkonce.t*)

.rel.fini
 *(.rel.fini)

.rela.fini
 *(.rela.fini)

.rel.rodata
 *(.rel.rodata)
 *(.rel.rodata.*)
 *(.rel.gnu.linkonce.r*)

.rela.rodata
 *(.rela.rodata)
 *(.rela.rodata.*)
 *(.rela.gnu.linkonce.r*)

.rel.data
 *(.rel.data)
 *(.rel.data.*)
 *(.rel.gnu.linkonce.d*)

.rela.data
 *(.rela.data)
 *(.rela.data.*)
 *(.rela.gnu.linkonce.d*)

.rel.ctors
 *(.rel.ctors)

.rela.ctors
 *(.rela.ctors)

.rel.dtors
 *(.rel.dtors)

.rela.dtors
 *(.rela.dtors)

.rel.got
 *(.rel.got)

.rela.got
 *(.rela.got)

.rel.bss
 *(.rel.bss)

.rela.bss
 *(.rela.bss)

.rel.plt
 *(.rel.plt)

.rela.plt
 *(.rela.plt)

.text           0x00000000      0x524
 *(.vectors)
 .vectors       0x00000000       0x54 C:/Program Files (x86)/Atmel/Studio/7.0/Packs/atmel/ATmega_DFP/1.2.209/gcc/dev/atmega32/avr5/crtatmega32.o
                0x00000000                __vector_default
                0x00000000                __vectors
 *(.vectors)
 *(.progmem.gcc*)
                0x00000054                . = ALIGN (0x2)
                0x00000054                __trampolines_start = .
 *(.trampolines)
 .trampolines   0x00000054        0x0 linker stubs
 *(.trampolines*)
                0x00000054                __trampolines_end = .
 *libprintf_flt.a:*(.progmem.data)
 *libc.a:*(.progmem.data)
 *(.progmem*)
                0x00000054                . = ALIGN (0x2)
 *(.jumptables)
 *(.jumptables*)
 *(.lowtext)
 *(.lowtext*)
                0x00000054                __ctors_start = .
 *(.ctors)
                0x00000054                __ctors_end = .
                0x00000054                __dtors_start = .
 *(.dtors)
                0x00000054                __dtors_end = .
 SORT(*)(.ctors)
 SORT(*)(.dtors)
 *(.init0)
 .init0         0x00000054        0x0 C:/Program Files (x86)/Atmel/Studio/7.0/Packs/atmel/ATmega_DFP/1.2.209/gcc/dev/atmega32/avr5/crtatmega32.o
                0x00000054                __init
 *(.init0)
 *(.init1)
 *(.init1)
 *(.init2)
 .init2         0x00000054        0xc C:/Program Files (x86)/Atmel/Studio/7.0/Packs/atmel/ATmega_DFP/1.2.209/gcc/dev/atmega32/avr5/crtatmega32.o
 *(.init2)
 *(.init3)
 *(.init3)
 *(.init4)
 .init4         0x00000060       0x16 c:/program files (x86)/atmel/studio/7.0/toolchain/avr8/avr8-gnu-toolchain/bin/../lib/gcc/avr/5.4.0/avr5\libgcc.a(_copy_data.o)
                0x00000060                __do_copy_data
 *(.init4)
 *(.init5)
 *(.init5)
 *(.init6)
 *(.init6)
 *(.init7)
 *(.init7)
 *(.init8)
 *(.init8)
 *(.init9)
 .init9         0x00000076        0x8 C:/Program Files (x86)/Atmel/Studio/7.0/Packs/atmel/ATmega_DFP/1.2.209/gcc/dev/atmega32/avr5/crtatmega32.o
 *(.init9)
 *(.text)
 .text          0x0000007e        0x4 C:/Program Files (x86)/Atmel/Studio/7.0/Packs/atmel/ATmega_DFP/1.2.209/gcc/dev/atmega32/avr5/crtatmega32.o
                0x0000007e                __vector_1
                0x0000007e                __vector_12
                0x0000007e                __bad_interrupt
                0x0000007e                __vector_6
                0x0000007e                __vector_3
                0x0000007e                __vector_11
                0x0000007e                __vector_13
                0x0000007e                __vector_17
                0x0000007e                __vector_19
                0x0000007e                __vector_7
                0x0000007e                __vector_5
                0x0000007e                __vector_4
                0x0000007e                __vector_9
                0x0000007e                __vector_2
                0x0000007e                __vector_15
                0x0000007e                __vector_8
                0x0000007e                __vector_14
                0x0000007e                __vector_10
                0x0000007e                __vector_16
                0x0000007e                __vector_18
                0x0000007e                __vector_20
                0x00000082                . = ALIGN (0x2)
 *(.text.*)
 .text.APP_authority
                0x00000082       0x12 APP/APP_SMARTHOME_program.o
                0x00000082                APP_authority
 .text.APP_init
                0x00000094       0x66 APP/APP_SMARTHOME_program.o
                0x00000094                APP_init
 .text.APP_recvCMD
                0x000000fa       0x18 APP/APP_SMARTHOME_program.o
                0x000000fa                APP_recvCMD
 .text.APP_sendCMD
                0x00000112       0x48 APP/APP_SMARTHOME_program.o
                0x00000112                APP_sendCMD
 .text.HAL_establishBluetooth
                0x0000015a       0x26 HAL/BLUETOOTH/HAL_BLUETOOTH_program.o
                0x0000015a                HAL_establishBluetooth
 .text.HAL_recvBluetooth
                0x00000180        0x6 HAL/BLUETOOTH/HAL_BLUETOOTH_program.o
                0x00000180                HAL_recvBluetooth
 .text.HAL_LCD_sendCMD
                0x00000186       0xcc HAL/LCD/HAL_LCD_program.o
 .text.HAL_LCD_init
                0x00000252       0xca HAL/LCD/HAL_LCD_program.o
                0x00000252                HAL_LCD_init
 .text.HAL_LED_init
                0x0000031c        0xc HAL/LED/HAL_LED_program.o
                0x0000031c                HAL_LED_init
 .text.main     0x00000328       0x32 main.o
                0x00000328                main
 .text.MCAL_GPIO_PinMode
                0x0000035a       0xd2 MCAL/GPIO/MCAL_GPIO_program.o
                0x0000035a                MCAL_GPIO_PinMode
 .text.MCAL_GPIO_PinState
                0x0000042c       0x82 MCAL/GPIO/MCAL_GPIO_program.o
                0x0000042c                MCAL_GPIO_PinState
 .text.MCAL_SPI_init
                0x000004ae       0x2c MCAL/SPI/MCAL_SPI_program.o
                0x000004ae                MCAL_SPI_init
 .text.MCAL_SPI_masterSendRecvByte
                0x000004da       0x20 MCAL/SPI/MCAL_SPI_program.o
                0x000004da                MCAL_SPI_masterSendRecvByte
 .text.MCAL_SPI_slaveSendRecvByte
                0x000004fa        0xc MCAL/SPI/MCAL_SPI_program.o
                0x000004fa                MCAL_SPI_slaveSendRecvByte
 .text.MCAL_UART_init
                0x00000506        0xe MCAL/UART/MCAL_UART_program.o
                0x00000506                MCAL_UART_init
 .text.MCAL_UART_recvByte
                0x00000514        0xc MCAL/UART/MCAL_UART_program.o
                0x00000514                MCAL_UART_recvByte
                0x00000520                . = ALIGN (0x2)
 *(.fini9)
 .fini9         0x00000520        0x0 c:/program files (x86)/atmel/studio/7.0/toolchain/avr8/avr8-gnu-toolchain/bin/../lib/gcc/avr/5.4.0/avr5\libgcc.a(_exit.o)
                0x00000520                _exit
                0x00000520                exit
 *(.fini9)
 *(.fini8)
 *(.fini8)
 *(.fini7)
 *(.fini7)
 *(.fini6)
 *(.fini6)
 *(.fini5)
 *(.fini5)
 *(.fini4)
 *(.fini4)
 *(.fini3)
 *(.fini3)
 *(.fini2)
 *(.fini2)
 *(.fini1)
 *(.fini1)
 *(.fini0)
 .fini0         0x00000520        0x4 c:/program files (x86)/atmel/studio/7.0/toolchain/avr8/avr8-gnu-toolchain/bin/../lib/gcc/avr/5.4.0/avr5\libgcc.a(_exit.o)
 *(.fini0)
                0x00000524                _etext = .

.data           0x00800060        0x2 load address 0x00000524
                0x00800060                PROVIDE (__data_start, .)
 *(.data)
 *(.data*)
 .data.gu8_Authority
                0x00800060        0x1 APP/APP_SMARTHOME_program.o
                0x00800060                gu8_Authority
 *(.gnu.linkonce.d*)
 *(.rodata)
 *(.rodata*)
 *(.gnu.linkonce.r*)
                0x00800062                . = ALIGN (0x2)
 *fill*         0x00800061        0x1 
                0x00800062                _edata = .
                0x00800062                PROVIDE (__data_end, .)

.bss            0x00800062        0x0
                [!provide]                PROVIDE (__bss_start, .)
 *(.bss)
 *(.bss*)
 *(COMMON)
                [!provide]                PROVIDE (__bss_end, .)
                0x00000524                __data_load_start = LOADADDR (.data)
                0x00000526                __data_load_end = (__data_load_start + SIZEOF (.data))

.noinit         0x00800062        0x0
                [!provide]                PROVIDE (__noinit_start, .)
 *(.noinit*)
                [!provide]                PROVIDE (__noinit_end, .)
                0x00800062                _end = .
                [!provide]                PROVIDE (__heap_start, .)

.eeprom         0x00810000        0x0
 *(.eeprom*)
                0x00810000                __eeprom_end = .

.fuse
 *(.fuse)
 *(.lfuse)
 *(.hfuse)
 *(.efuse)

.lock
 *(.lock*)

.signature
 *(.signature*)

.user_signatures
 *(.user_signatures*)

.stab
 *(.stab)

.stabstr
 *(.stabstr)

.stab.excl
 *(.stab.excl)

.stab.exclstr
 *(.stab.exclstr)

.stab.index
 *(.stab.index)

.stab.indexstr
 *(.stab.indexstr)

.comment        0x00000000       0x30
 *(.comment)
 .comment       0x00000000       0x30 APP/APP_SMARTHOME_program.o
                                 0x31 (size before relaxing)
 .comment       0x00000030       0x31 HAL/BLUETOOTH/HAL_BLUETOOTH_program.o
 .comment       0x00000030       0x31 HAL/LCD/HAL_LCD_program.o
 .comment       0x00000030       0x31 HAL/LED/HAL_LED_program.o
 .comment       0x00000030       0x31 main.o
 .comment       0x00000030       0x31 MCAL/GPIO/MCAL_GPIO_program.o
 .comment       0x00000030       0x31 MCAL/SPI/MCAL_SPI_program.o
 .comment       0x00000030       0x31 MCAL/UART/MCAL_UART_program.o

.note.gnu.avr.deviceinfo
                0x00000000       0x3c
 .note.gnu.avr.deviceinfo
                0x00000000       0x3c C:/Program Files (x86)/Atmel/Studio/7.0/Packs/atmel/ATmega_DFP/1.2.209/gcc/dev/atmega32/avr5/crtatmega32.o

.note.gnu.build-id
 *(.note.gnu.build-id)

.debug
 *(.debug)

.line
 *(.line)

.debug_srcinfo
 *(.debug_srcinfo)

.debug_sfnames
 *(.debug_sfnames)

.debug_aranges  0x00000000      0x1c0
 *(.debug_aranges)
 .debug_aranges
                0x00000000       0x60 APP/APP_SMARTHOME_program.o
 .debug_aranges
                0x00000060       0x28 HAL/BLUETOOTH/HAL_BLUETOOTH_program.o
 .debug_aranges
                0x00000088       0x50 HAL/LCD/HAL_LCD_program.o
 .debug_aranges
                0x000000d8       0x28 HAL/LED/HAL_LED_program.o
 .debug_aranges
                0x00000100       0x20 main.o
 .debug_aranges
                0x00000120       0x38 MCAL/GPIO/MCAL_GPIO_program.o
 .debug_aranges
                0x00000158       0x30 MCAL/SPI/MCAL_SPI_program.o
 .debug_aranges
                0x00000188       0x38 MCAL/UART/MCAL_UART_program.o

.debug_pubnames
 *(.debug_pubnames)

.debug_info     0x00000000     0x1e14
 *(.debug_info .gnu.linkonce.wi.*)
 .debug_info    0x00000000      0x4e6 C:/Program Files (x86)/Atmel/Studio/7.0/Packs/atmel/ATmega_DFP/1.2.209/gcc/dev/atmega32/avr5/crtatmega32.o
 .debug_info    0x000004e6      0x664 APP/APP_SMARTHOME_program.o
 .debug_info    0x00000b4a      0x15e HAL/BLUETOOTH/HAL_BLUETOOTH_program.o
 .debug_info    0x00000ca8      0x959 HAL/LCD/HAL_LCD_program.o
 .debug_info    0x00001601      0x193 HAL/LED/HAL_LED_program.o
 .debug_info    0x00001794      0x12e main.o
 .debug_info    0x000018c2      0x17a MCAL/GPIO/MCAL_GPIO_program.o
 .debug_info    0x00001a3c      0x1e5 MCAL/SPI/MCAL_SPI_program.o
 .debug_info    0x00001c21      0x1f3 MCAL/UART/MCAL_UART_program.o

.debug_abbrev   0x00000000      0xc37
 *(.debug_abbrev)
 .debug_abbrev  0x00000000      0x4a3 C:/Program Files (x86)/Atmel/Studio/7.0/Packs/atmel/ATmega_DFP/1.2.209/gcc/dev/atmega32/avr5/crtatmega32.o
 .debug_abbrev  0x000004a3      0x17a APP/APP_SMARTHOME_program.o
 .debug_abbrev  0x0000061d       0xb0 HAL/BLUETOOTH/HAL_BLUETOOTH_program.o
 .debug_abbrev  0x000006cd      0x173 HAL/LCD/HAL_LCD_program.o
 .debug_abbrev  0x00000840       0x8d HAL/LED/HAL_LED_program.o
 .debug_abbrev  0x000008cd       0xa8 main.o
 .debug_abbrev  0x00000975       0x8f MCAL/GPIO/MCAL_GPIO_program.o
 .debug_abbrev  0x00000a04      0x107 MCAL/SPI/MCAL_SPI_program.o
 .debug_abbrev  0x00000b0b      0x12c MCAL/UART/MCAL_UART_program.o

.debug_line     0x00000000      0xfb1
 *(.debug_line .debug_line.* .debug_line_end)
 .debug_line    0x00000000      0x115 C:/Program Files (x86)/Atmel/Studio/7.0/Packs/atmel/ATmega_DFP/1.2.209/gcc/dev/atmega32/avr5/crtatmega32.o
 .debug_line    0x00000115      0x31e APP/APP_SMARTHOME_program.o
 .debug_line    0x00000433       0xe8 HAL/BLUETOOTH/HAL_BLUETOOTH_program.o
 .debug_line    0x0000051b      0x34b HAL/LCD/HAL_LCD_program.o
 .debug_line    0x00000866       0xd4 HAL/LED/HAL_LED_program.o
 .debug_line    0x0000093a       0x9f main.o
 .debug_line    0x000009d9      0x24f MCAL/GPIO/MCAL_GPIO_program.o
 .debug_line    0x00000c28      0x1a9 MCAL/SPI/MCAL_SPI_program.o
 .debug_line    0x00000dd1      0x1e0 MCAL/UART/MCAL_UART_program.o

.debug_frame    0x00000000      0x300
 *(.debug_frame)
 .debug_frame   0x00000000       0xb4 APP/APP_SMARTHOME_program.o
 .debug_frame   0x000000b4       0x40 HAL/BLUETOOTH/HAL_BLUETOOTH_program.o
 .debug_frame   0x000000f4       0xa4 HAL/LCD/HAL_LCD_program.o
 .debug_frame   0x00000198       0x34 HAL/LED/HAL_LED_program.o
 .debug_frame   0x000001cc       0x34 main.o
 .debug_frame   0x00000200       0x54 MCAL/GPIO/MCAL_GPIO_program.o
 .debug_frame   0x00000254       0x44 MCAL/SPI/MCAL_SPI_program.o
 .debug_frame   0x00000298       0x68 MCAL/UART/MCAL_UART_program.o

.debug_str      0x00000000      0x839
 *(.debug_str)
 .debug_str     0x00000000      0x196 C:/Program Files (x86)/Atmel/Studio/7.0/Packs/atmel/ATmega_DFP/1.2.209/gcc/dev/atmega32/avr5/crtatmega32.o
 .debug_str     0x00000196      0x3de APP/APP_SMARTHOME_program.o
                                0x412 (size before relaxing)
 .debug_str     0x00000574       0x5f HAL/BLUETOOTH/HAL_BLUETOOTH_program.o
                                0x231 (size before relaxing)
 .debug_str     0x000005d3       0x96 HAL/LCD/HAL_LCD_program.o
                                0x312 (size before relaxing)
 .debug_str     0x00000669       0x2b HAL/LED/HAL_LED_program.o
                                0x1f3 (size before relaxing)
 .debug_str     0x00000694       0x2c main.o
                                0x1e3 (size before relaxing)
 .debug_str     0x000006c0       0x72 MCAL/GPIO/MCAL_GPIO_program.o
                                0x229 (size before relaxing)
 .debug_str     0x00000732       0x7c MCAL/SPI/MCAL_SPI_program.o
                                0x2bf (size before relaxing)
 .debug_str     0x000007ae       0x8b MCAL/UART/MCAL_UART_program.o
                                0x2cb (size before relaxing)

.debug_loc      0x00000000     0x1084
 *(.debug_loc)
 .debug_loc     0x00000000      0x2c7 APP/APP_SMARTHOME_program.o
 .debug_loc     0x000002c7       0x8b HAL/BLUETOOTH/HAL_BLUETOOTH_program.o
 .debug_loc     0x00000352      0x3d2 HAL/LCD/HAL_LCD_program.o
 .debug_loc     0x00000724       0x53 HAL/LED/HAL_LED_program.o
 .debug_loc     0x00000777       0x48 main.o
 .debug_loc     0x000007bf      0x607 MCAL/GPIO/MCAL_GPIO_program.o
 .debug_loc     0x00000dc6      0x14a MCAL/SPI/MCAL_SPI_program.o
 .debug_loc     0x00000f10      0x174 MCAL/UART/MCAL_UART_program.o

.debug_macinfo
 *(.debug_macinfo)

.debug_weaknames
 *(.debug_weaknames)

.debug_funcnames
 *(.debug_funcnames)

.debug_typenames
 *(.debug_typenames)

.debug_varnames
 *(.debug_varnames)

.debug_pubtypes
 *(.debug_pubtypes)

.debug_ranges   0x00000000      0x140
 *(.debug_ranges)
 .debug_ranges  0x00000000       0x50 APP/APP_SMARTHOME_program.o
 .debug_ranges  0x00000050       0x18 HAL/BLUETOOTH/HAL_BLUETOOTH_program.o
 .debug_ranges  0x00000068       0x40 HAL/LCD/HAL_LCD_program.o
 .debug_ranges  0x000000a8       0x18 HAL/LED/HAL_LED_program.o
 .debug_ranges  0x000000c0       0x10 main.o
 .debug_ranges  0x000000d0       0x28 MCAL/GPIO/MCAL_GPIO_program.o
 .debug_ranges  0x000000f8       0x20 MCAL/SPI/MCAL_SPI_program.o
 .debug_ranges  0x00000118       0x28 MCAL/UART/MCAL_UART_program.o

.debug_macro
 *(.debug_macro)
OUTPUT(Barbary_GPROJECT_M13.elf elf32-avr)
LOAD linker stubs
